=== https://www.mcmod.cn/item/923715.html ===
Text length: 1815 chars, Images sent: 0

ECO - L4 可拓展存储子系统主机 (ECO - L4 Extensible Storage Subsystem Controller) - Neo ECO AE Extension - MC百科|最大的Minecraft中文MOD百科

主站

常用地址

最新收录今日收录模组：23 个

有新动态

审核状态今日审核量：672 个

历史编辑今日编辑量：736 次

版本检索

Forge 模组

Fabric 模组

1.20.1 模组

1.19.4 模组

1.18.2 模组

1.16.5 模组

1.12.2 模组

1.7.10 模组

元素检索

科技模组

魔法模组

实用模组

冒险模组

农业模组

装饰模组

辅助模组

魔改模组

整合包

常用地址

最新收录今日收录整合包：0 个

有新动态

版本检索

Forge 整合包

Fabric 整合包

1.20.1 整合包

1.19.4 整合包

1.18.2 整合包

1.16.5 整合包

1.12.2 整合包

1.7.10 整合包

元素检索

科技整合包

魔法整合包

任务整合包

剧情整合包

硬核整合包

休闲整合包

大型整合包

轻量整合包

社群

找服玩

实用工具

实用工具

命令方块指令生成器快速生成自定义命令方块指令

神秘时代研究助手快速查找神秘时代研究笔记连线

进度/成就生成器Minecraft 进度/成就生成器工具

我的世界黄历中国黄历 MineCraft 版

神秘代码将一串内容压缩成一把钥匙

遇事不决在退进两难的情况下抛硬币或投骰子

特性

词典

站点导航

主站

整合包

社群

找服玩

实用工具

特性

词典

登录

>

科技Mod

>

Neo ECO AE Extension

>

物品/方块

>

ECO - L4 可拓展存储子系统主机 (ECO - L4 Extensible Storage Subsystem Controller)

浏览量：307

创建日期：4月前

最后编辑：13天前

编辑次数：1次

相关物品

史莱姆加速器冷却器

耐火砖

Magenta Balloon

Graphite Crucible

下界砖外装内燃机

输入仓

转子支架(IV)

转子支架(HV)

品红色陶瓦台阶斜船体

操作器臂

Creative Cell

Wet Floor

中号钢制身管炮胚（未..

MV 输出总线

Reactor Heat Pipe

Screen Charger

精良机器核心

Barrier Eta

历史编辑记录更多

[ 查看历史改动对比 ]

最近参与编辑

冰蓝紫雨

最近浏览

aeddddd

QQ酱1262228

QQ酱790469

takesssa

举个栗子JuGeLiZizz

QQ酱1203786

冰蓝紫雨

DuanShou

MC_小铭

DayF

QQ酱68833

hoshiya

YHIOIHY

DancingSnow

溯_fauilfd

ECO - L4 可拓展存储子系统主机 (ECO - L4 Extensible Storage Subsystem Controller)

编辑

加合成表

物品命令：/give @p neoecoae:storage_system_l4 64

合/用途

主要名称：

ECO - L4 可拓展存储子系统主机

次要名称：

ECO - L4 Extensible Storage Subsystem Controller

资料分类：

结构方块

最大堆叠：

64个 / 组

所有系列主机可在离地第二格高的位置进行自动化搭建（右键方块点击左上角小锤可进行该操作）。

l4主机最小需16个存储子系统外壳+3个存储矩阵驱动器+2个LT4高密度能量原件+1个存储子系统结构散热器+存储子系统主机+存储子系统通讯接口。

成功时主机侧边的存储子系统外壳会变为ae的电路模样，存储矩阵驱动器中可放入ECO存储原件，可存储物品、流体、化学品。

图中为展示的最长2*2*12大小的存储结构。

多方块成功搭建展示：

资料分类：

结构方块

最大堆叠：

64个 / 组

查看合成/用途

[Images skipped: includeImages=false]

=== https://www.mcmod.cn/item/311255.html ===
Text length: 5652 chars, Images sent: 0

裂变反应堆 (Fission Reactor) - [Mek]通用机械 (Mekanism) - MC百科|最大的Minecraft中文MOD百科

主站

常用地址

最新收录今日收录模组：23 个

有新动态

审核状态今日审核量：672 个

历史编辑今日编辑量：736 次

版本检索

Forge 模组

Fabric 模组

1.20.1 模组

1.19.4 模组

1.18.2 模组

1.16.5 模组

1.12.2 模组

1.7.10 模组

元素检索

科技模组

魔法模组

实用模组

冒险模组

农业模组

装饰模组

辅助模组

魔改模组

整合包

常用地址

最新收录今日收录整合包：0 个

有新动态

版本检索

Forge 整合包

Fabric 整合包

1.20.1 整合包

1.19.4 整合包

1.18.2 整合包

1.16.5 整合包

1.12.2 整合包

1.7.10 整合包

元素检索

科技整合包

魔法整合包

任务整合包

剧情整合包

硬核整合包

休闲整合包

大型整合包

轻量整合包

社群

找服玩

实用工具

实用工具

命令方块指令生成器快速生成自定义命令方块指令

神秘时代研究助手快速查找神秘时代研究笔记连线

进度/成就生成器Minecraft 进度/成就生成器工具

我的世界黄历中国黄历 MineCraft 版

神秘代码将一串内容压缩成一把钥匙

遇事不决在退进两难的情况下抛硬币或投骰子

特性

词典

站点导航

主站

整合包

社群

找服玩

实用工具

特性

词典

登录

>

科技Mod

>

[Mek]通用机械 (Mekanism)

>

多方块结构

>

1.16+

>

裂变反应堆 (Fission Reactor)

浏览量：438180

创建日期：6年前

最后编辑：4月前

编辑次数：32次

历史编辑记录更多

[ 查看历史改动对比 ]

最近参与编辑

Komorebi

西伯利亚土豆仙

zhongzhaosu

ein_Name

Rain_Flying

NoTuring_Steve

nothingthair

重生是希望

mc开始下雪

罹丽塔莎

Aurum

BlueMaple

DTFuel

惨某人

forward4

W11

一条咸鱼

Minion

最近浏览

yara

一个芝士

TwT林喵

中二少年

QQ酱1463377

king_ai

GH_HA

QQ酱490502

氡RRadon

zhongzhaosu

BX_NL

QQQQQQWWWW

QQ酱915898

2564

武珞

裂变反应堆 (Fission Reactor)

编辑

加合成表

合/用途

主要名称：

裂变反应堆

次要名称：

Fission Reactor

资料分支：

1.16+合成结构

Mek V10 版本后，裂变反应堆被添加，需要安装附属通用机械发电机才可以搭建此结构。

裂变反应堆（Fission Reactor）是消耗裂变燃料来产生核废料和大量热量的多方块结构，需要搭配其它机器以产生能量。

使用方法

搭建

材料准备

搭建裂变反应堆需要准备以下材料：

棱与顶点：裂变反应堆外壳；

面：裂变反应堆外壳/强化玻璃/裂变反应堆端口/裂变反应堆逻辑适配器；

内部：裂变燃料组件、控制棒组件。

搭建方法

图示

描述

搭建一个长3~18格、宽3~18格、高4~18格的长方体框架

框架的棱和顶点上只能使用裂变反应堆外壳

框架的面上可以使用裂变反应堆外壳和强化玻璃

（在图示中，可能造成遮挡的角落暂缺）

在框架围出的空间内放置裂变燃料组件

在每个裂变燃料组件柱上方放置1个控制棒组件

将面上填满裂变反应堆外壳/强化玻璃

在面上放置裂变反应堆端口用于输入输出

在面上放置裂变反应堆逻辑适配器用于自动控制

建立条件

裂变反应堆有以下建立条件：

整体结构形状为长方体，且大小在 3×3×4 至 18×18×18 之间；

每条棱与每个顶点上的方块均为裂变反应堆外壳；

每个面上的每个方块均为裂变反应堆外壳/强化玻璃/裂变反应堆端口/裂变反应堆逻辑适配器四者之一；

内部空间中的每个方块均为空气/裂变燃料组件/控制棒组件三者之一；

内部空间中有至少1根有效的燃料棒结构。

燃料棒结构有以下建立条件：

整体结构呈条形，且在竖直方向上排列；

至少有1个裂变燃料组件，有且仅有1个控制棒组件；

控制棒组件必须位于所有裂变燃料组件的上方；

裂变燃料组件之间不能有一处断开。

GUI

主界面

裂变反应堆的GUI

裂变反应堆的主界面中含有流体栏、显示器、开关机按钮、温度指示条、产热图形。

冷却液储罐

燃料储罐

显示器

热冷却液储罐

废料储罐

开机按钮

关机按钮

温度指示条

产热图形

关于显示器显示的基本数据的含义，详见下文“公式与机制”标题。

开关机按钮：分别用于开启/关闭反应堆。按钮虽名为“紧急停机”，但点击后只是关闭反应堆，不会产生任何负面影响。

温度：以进度条形式显示，最左侧为0K，最右侧为1800K，鼠标悬停至其上方可以查看当前温度，温度过高会增加反应堆的损坏程度。

统计界面

裂变反应堆的统计界面玩家可以在统计界面内查看裂变反应堆的详细数据，详见下文“公式与机制”标题。

玩家也可以在该界面内设置反应速率的上限：在黑框中输入意图设置的反应速率（可为小数），然后按下右侧“√”按钮或 Enter 键，即可确认。

运行过程

裂变反应堆在运行时，会消耗裂变燃料，产生核废料，同时加热冷却剂。

在默认情况下，裂变反应堆只能接受两种冷却剂：水和钠蒸汽。前者会被加热为蒸汽，后者会被加热为过热的钠蒸汽。

裂变反应堆产出的核废料和热冷却剂会优先尝试通过裂变反应堆端口输出，没有速度限制。

从裂变反应堆端口输入的裂变燃料和冷却剂，也没有输入速度限制。

可以使用裂变反应堆逻辑适配器自动激活/关闭反应堆，也可以用其监测反应堆的各项状态，以便在异常时自动作出反馈。

一旦冷却剂供应不足，裂变反应堆将持续升温，超过1200K后开始损坏，损坏率超过100%后有概率直接熔毁/强制停机，由配置项决定。

注意：在反应堆过热后，即使第一时间关闭反应堆，也需要一段时间才能降温至安全范围；在温度降至安全范围前，损坏率会持续上升，依然可以引起爆炸。

裂变反应堆的温度降至1200K之下，就会开始自动修复，温度越低修复速度越快。无论反应堆是否正在运行，都可以自动修复。

红石机制

红石比较器可以读取裂变反应堆中裂变燃料的储量，根据其占比决定输出0~15级的信号，自动向下取整。

红石比较器对着裂变反应堆外壳层上的任何方块（外壳/玻璃/端口……），都可以正常触发此功能。

裂变反应堆逻辑适配器可以对裂变反应堆进行其它操作。

熔毁/强制停机

在裂变反应堆的损坏率超过100%后，如果配置项“反应堆熔毁”启用，反应堆将有可能熔毁并爆炸。

反之，如果配置项“反应堆熔毁”禁用，反应堆将被游戏强制停机，不熔毁也不爆炸。

裂变反应堆的熔毁会持续5秒（100 tick），在此期间，反应堆内会多次产生半径为8格的爆炸，可以破坏方块，会对实体造成伤害，会产生火。

在裂变反应堆熔毁时，反应堆内部余温越高，熔毁越剧烈，视觉表现为产生更多、更密集的爆炸。这些爆炸在反应堆周围4096格范围内可见。

在裂变反应堆熔毁后，容易导致核废料泄露，产生大量辐射，因此非常危险，需要尽力避免反应堆熔毁。

在玩家重新搭建完成已熔毁的裂变反应堆后，无论熔毁前的损坏率为多少，完成后损坏率恒为75%，并开始自动修复。

裂变反应堆被强制停机时，玩家无法在其GUI内激活反应堆，裂变反应堆逻辑适配器也无法生效。

在反应堆温度 < 1200K，且损坏率 < 100%后，强制停机将解除，反应堆可以正常激活。

注意事项

裂变反应堆可能会引发放射性核废料泄露，在更极端情况下，可能会引起熔毁并爆炸。

在反应堆核废料满后，所有无法存入的废料都会泄露，并转化为辐射，辐射源为该裂变反应堆的几何中心，辐射剂量 = 泄露量 * 核废料的放射性；

在反应堆损坏率 ≥ 100%，且当前温度 ≥ 1200K时，如果配置项“反应堆熔毁”启用，反应堆将有可能熔毁并爆炸。

详细信息见下文“公式与机制”标题。

公式与机制

反应堆体积 = 长 * 宽 * 高，下文出现的“反应堆体积”均按照此公式计算，包含外壳层的体积

冷却液容量 = 热冷却液容量 = 反应堆体积 * 单位体积容纳的冷却液量（默认为100B）

核燃料容量 = 核废料容量 = 裂变燃料组件数量 * 每个裂变燃料组件的燃料储量（默认为8B）

反应堆热容 = 反应堆外壳热容（默认为1000J/K）* 反应堆外壳数量[1]

燃料表面积 = 裂变燃料组件不与别的裂变燃料组件相邻的面数

沸腾效率 = 燃料表面积 / 裂变燃料组件数量 / 目标面积（默认为4m2），不可超过1

最大燃烧速率 = 裂变燃料组件数量 * 每个裂变燃料组件的最大燃烧速度（默认为1mB/t）

注[1]：计算反应堆外壳数量时，会包含反应堆框架上的所有方块，无论其是否为裂变反应堆外壳。

水冷最大燃烧速率 = 反应堆热容 * 沸腾效率 * 0.000413425 = [ 反应堆体积 - ( 长 - 2 ) * ( 宽 - 2 ) * ( 高 - 2 ) ] * 沸腾效率 * 0.413425 

钠冷最大燃烧速率 = 反应堆热容 * 沸腾效率 * 0.00082685 = [ 反应堆体积 - ( 长 - 2 ) * ( 宽 - 2 ) * ( 高 - 2 ) ] * 沸腾效率 * 0.82685

反应堆升温速度 = 实际燃料消耗速度 * 单位燃料产热（默认值为1000000J/mB）

吸收热量 = 沸腾效率 * ( 反应堆温度 - 水的沸点（373.15K）) * 反应堆热容，小于0时不消耗冷却剂

流体作冷却剂时，冷却剂消耗速度 = 0.2 * 吸收热量 * 水的热导率（默认为0.5）/ 水的热焓值（默认为10）

流体作冷却剂时，反应堆降温速度 = 实际冷却剂消耗速度 * 水的热焓值（默认为10）/ 0.2

化学品作冷却剂时，冷却剂消耗速度 = 吸收热量 * 化学品的热导率（钠蒸汽为1）/ 化学品的热焓值（钠蒸汽为2）

化学品作冷却剂时，反应堆降温速度 = 实际冷却剂消耗速度 * 化学品的热焓值（钠蒸汽为2）

反应堆自然散热速度 = ( 反应堆温度 - 反应堆所在群系温度 ) / 20010 * 反应堆热容

在反应堆温度 > 最小损坏温度（默认为1200K）时：

反应堆损坏速度（百分比）= 反应堆温度 / 最小损坏温度（默认为1200K）/ 10

在反应堆温度超过最大损坏温度（默认为1800K）后，上方公式中的“反应堆温度”按照1800K计算。

在反应堆温度 ≤ 最小损坏温度（默认为1200K）时：

反应堆修复速度（百分比）= ( 最小损坏温度（默认为1200K）- 反应堆温度 ) / 最小损坏温度（默认为1200K）/ 100

在反应堆损坏率 ≥ 100%，且反应堆温度 > 最小损坏温度（默认为1200K）的情况下：

如果一个反应堆已经被强制停机，且配置项“反应堆熔毁”启用，该反应堆将会立刻熔毁并爆炸，同时取消强制停机。

否则，该反应堆每个游戏刻都有 ( 反应堆损坏率 * 0.001 ) 的概率熔毁并爆炸；若配置项“反应堆熔毁”禁用，则只会强制停机，既不熔毁也不爆炸。

在反应堆损坏率 < 100%，且反应堆温度 < 最小损坏温度（默认为1200K）的情况下，反应堆将取消强制停机。

搭建自查表

这个版块的内容是方便已经成功搭建反应堆（即已经冒出红色粒子，能够右键打开GUI）的玩家开机前自查的（你可以认为是上文的省流）：

（可选）检查自己是否穿好了防辐射套装，以防意外发生；

检查是否通入了冷却剂（水或钠蒸汽），如果成功通入了在开机前你就能看到反应堆的冷却液储罐是满的；

检查是否通入了裂变燃料；

检查是否将热冷却液通向如流体垃圾桶或工业蒸汽涡轮等装置，注意检查此裂变反应堆端口是否已经用配置器调整为“输出冷却剂”模式；

检查是否将核废料通向放射性废料桶或者处理核废料的装置如同位素离心机或太阳能中子活化器，并检查处理装置是否可以正常输出到放射性废料桶或下一步处理装置，如果不放心则在输出放放射性废料桶做缓存，以防后续机器气体堵塞导致反应堆内废料堆积而产生辐射；注意检查此裂变反应堆端口是否已经用配置器调整为“输出废料”模式；

（可选）检查是否使用裂变反应堆逻辑适配器设计了紧急停机装置。

开机后，右键反应堆检查气体液体储存情况：

反应堆的冷却液储罐和燃油箱应当始终处于满的状态，否则说明不能正常输入或输入速率不够，停机检查；

反应堆的废水池和热冷却液储罐应当始终处于空的状态，否则说明不能正常输出或输出速率不够，停机检查。

检查温度是否持续走高逼近最小损坏温度（默认为1200K），若是立刻停机检查。

你知道吗

裂变反应堆反应时，每秒钟会散发出 ( 核废料存量 / 3600 ) Sv 的辐射，如果该值小于100nSv，辐射将不会产生。

该辐射的影响范围为反应堆高温区内的所有生物，即反应堆外壳里面的所有生物。（谁没事跑反应堆里面去啊）

资料分支：

1.16+合成结构

查看合成/用途

[Images skipped: includeImages=false]

