场景段 1：搭建教程
    1. show_structure - 展示15x1x15的平台（雪块与白色混凝土棋盘格）。
    2. text - “这是一个用于演示裂变燃料组件及相关反应堆结构的平台。”
    3. idle 60
    4. hide_section blockPos=[0,0,0] blockPos2=[14,0,14] direction=“up” - 隐藏整个平台。
    5. text - “首先，我们移除平台，开始搭建一个裂变反应堆的示例。”
    6. idle 60
    7. set_block - 在平台中心位置（例如 [3,0,3]）放置一个“裂变反应堆外壳”。
    8. text - “裂变反应堆的外壳是构建反应堆框架的基础。”
    9. idle 60
    10. set_block - 在外壳上方 [3,1,3] 放置一个“裂变燃料组件”。
    11. text - “在框架内部，放置裂变燃料组件。”
    12. idle 60
    13. set_block - 在燃料组件上方 [3,2,3] 放置一个“控制棒组件”。
    14. text - “每个燃料组件柱的顶部必须放置一个控制棒组件。”
    15. idle 60
    16. set_block - 以 [3,0,3] 为中心，用“裂变反应堆外壳”搭建一个小型（如5x5x4）的立方体框架（仅棱和顶点）。
    17. text - “接下来，用裂变反应堆外壳搭建一个长方体框架。”
    18. idle 60
    19. set_block - 用“强化玻璃”填充框架的一个面（例如北面，Z=0的面）。
    20. text - “框架的面可以用裂变反应堆外壳或强化玻璃填充。”
    21. idle 60
    22. set_block - 在框架的一个面上（例如西面，X=0的面）放置一个“裂变反应堆端口”。
    23. text - “在面上放置裂变反应堆端口，用于输入和输出流体及物品。”
    24. idle 60
    25. set_block - 在另一个面上（例如东面，X=4的面）放置一个“裂变反应堆逻辑适配器”。
    26. text - “放置裂变反应堆逻辑适配器，可用于自动控制反应堆。”
    27. idle 60
    28. show_section_and_merge blockPos=[0,0,0] blockPos2=[14,0,14] direction=“down” - 重新显示原始平台。
    29. text - “裂变反应堆的最小尺寸为3x3x4，最大为18x18x18。”
    30. idle 60

场景段 2：裂变燃料组件的功能与合成
    1. show_structure
    2. set_block - 在平台上方 [7,1,7] 放置一个“裂变燃料组件”。
    3. text - “裂变燃料组件是裂变反应堆的核心部件之一。”
    4. idle 60
    5. show_controls position=[7.0, 1.5, 7.5] item=“裂变燃料组件”
    6. text - “每个裂变燃料组件可以为反应堆增加最大燃烧速率1mb/t。”
    7. idle 60
    8. set_block - 在燃料组件正上方 [7,2,7] 放置一个“控制棒组件”。
    9. text - “重要：燃料棒顶部必须有控制棒组件才能正常工作。”
    10. idle 60
    11. clear_item_entities
    12. create_item_entity position=[7.5, 1.5, 7.5] item=“铅锭”
    13. text - “合成裂变燃料组件需要铅锭。”
    14. idle 60
    15. create_item_entity position=[7.5, 2.0, 7.5] item=“钢锭”
    16. text - “以及钢锭。”
    17. idle 60
    18. create_item_entity position=[7.5, 2.5, 7.5] item=“基础化学品储罐”
    19. text - “还需要一个基础化学品储罐。”
    20. idle 60
    21. clear_item_entities
    22. text - “使用工作台合成裂变燃料组件。”
    23. idle 60

场景段 3：裂变反应堆搭建详解
    1. show_structure
    2. set_block - 在平台中央，用“裂变反应堆外壳”搭建一个清晰的 7x7x5 立方体框架。
    3. text - “首先，用裂变反应堆外壳构建反应堆的棱和顶点。”
    4. idle 60
    5. set_block - 用“裂变反应堆外壳”和“强化玻璃”填充框架的六个面。
    6. text - “然后，用外壳或玻璃填充各个面。”
    7. idle 60
    8. set_block - 在框架内部，按网格状放置多个“裂变燃料组件”。
    9. text - “在反应堆内部空间放置裂变燃料组件。”
    10. idle 60
    11. set_block - 在每个燃料组件柱的正上方放置“控制棒组件”。
    12. text - “在每个燃料组件柱顶部放置控制棒组件。”
    13. idle 60
    14. set_block - 在外壳的某个面上放置“裂变反应堆端口”。
    15. text - “在面上安装裂变反应堆端口，用于输入输出。”
    16. idle 60
    17. set_block - 在外壳的另一个面上放置“裂变反应堆逻辑适配器”。
    18. text - “安装逻辑适配器以实现自动化控制。”
    19. idle 60
    20. indicate_redstone position=[7.5, 2.5, 7.5]
    21. text - “红石比较器可以读取反应堆中裂变燃料的储量。”
    22. idle 60

场景段 4：裂变反应堆输入与输出
    1. show_structure
    2. rotate_camera_y degrees=90 - 旋转相机以更好地观察反应堆的东侧面（高X）和南侧面（高Z）。
    3. text - “现在，我们来观察裂变反应堆的输入和输出。”
    4. idle 60
    5. show_controls position=[反应堆东侧端口坐标] item=“裂变燃料” - 指向一个作为输入端口的裂变反应堆端口。
    6. text - “输入：裂变燃料通过裂变反应堆端口输入。”
    7. idle 60
    8. show_controls position=[另一个输入端口坐标] item=“水” - 指向另一个输入端口。
    9. text - “输入：冷却剂（水或钠蒸汽）通过裂变反应堆端口输入。”
    10. idle 60
    11. show_controls position=[反应堆南侧输出端口坐标] item=“蒸汽” - 指向一个作为输出端口的裂变反应堆端口。
    12. text - “输出：热冷却剂（如蒸汽）通过裂变反应堆端口输出。”
    13. idle 60
    14. show_controls position=[另一个输出端口坐标] item=“核废料” - 指向另一个输出端口。
    15. text - “输出：核废料通过裂变反应堆端口输出。”
    16. idle 60
    17. show_controls position=[逻辑适配器坐标] item=“裂变反应堆逻辑适配器”
    18. text - “裂变反应堆逻辑适配器可用于自动激活/关闭反应堆或监测状态。”
    19. idle 60
    20. rotate_camera_y degrees=-90 - 旋转回原视角。

场景段 5：运行、过热与安全机制
    1. show_structure
    2. text - “裂变反应堆在运行时会消耗燃料并产生热量。”
    3. idle 60
    4. show_controls position=[GUI温度条位置] item=“烈焰棒” - 模拟显示温度条。
    5. text - “温度持续升高。当温度超过1200K时，反应堆开始损坏。”
    6. idle 60
    7. toggle_redstone_power position=[逻辑适配器坐标] - 模拟逻辑适配器发出关闭信号。
    8. text - “一旦温度过高，应立即通过逻辑适配器或GUI关闭反应堆。”
    9. idle 60
    10. indicate_redstone position=[7.5, 3.5, 7.5] color=“red” - 在反应堆上方显示红色信号，表示危险。
    11. text - “警告：若冷却剂供应不足，反应堆将持续升温，可能导致损坏率超过100%。”
    12. idle 60
    13. indicate_success position=[7.5, 2.5, 7.5] - 移除危险指示。
    14. text - “当温度降至1200K以下时，反应堆会开始自动修复。”
    15. idle 60
    16. set_block position=[7,0,7] block=“裂变反应堆外壳” - 将反应堆底部一块替换为普通方块，模拟泄漏。
    17. text - “重要安全警告：确保核废料输出通畅，废料满后会发生泄漏并产生辐射。”
    18. idle 60
    19. text - “损坏率超过100%后，反应堆可能熔毁并引发剧烈爆炸，必须极力避免。”
    20. idle 60

REQUIRED_ELEMENTS: 裂变燃料组件, 控制棒组件, 裂变反应堆外壳, 强化玻璃, 裂变反应堆端口, 裂变反应堆逻辑适配器, 铅锭, 钢锭, 基础化学品储罐, 裂变燃料, 水, 蒸汽, 核废料, 烈焰棒, minecraft:redstone_comparator